// Jest Snapshot v1, https://goo.gl/fbAQLP

exports[`NumberInput renders matching snapshot 1`] = `
<Touchable
  appearance="none"
  bg="white"
  border={true}
  disabled={false}
  id="username"
  inputMode="numeric"
  is="input"
  leading="tight"
  m={
    Object {
      "b": 2,
    }
  }
  name="username"
  p={
    Object {
      "x": 4,
      "y": 2,
    }
  }
  pattern="[0-9]*"
  readOnly={false}
  rounded="rounded"
  text="gray-900"
  w="full"
/>
`;
