// Jest Snapshot v1, https://goo.gl/fbAQLP

exports[`OptionInput renders matching snapshot 1`] = `
<Touchable
  defaultChecked={true}
  disabled={false}
  flex={true}
  is={[Function]}
  items="center"
  onTouch={[Function]}
>
  <Box
    checked={true}
    inline={false}
    inlineBlock={false}
    innerRef={
      Object {
        "current": null,
      }
    }
    is="input"
    name="test"
    onChange={[Function]}
    tabIndex="-1"
    type="radio"
    value="test-1"
    visuallyHidden={true}
  />
  <Flex
    border={
      Array [
        true,
        "blue-400",
      ]
    }
    col={false}
    h={4}
    inline={false}
    inlineBlock={true}
    inlineFlex={false}
    is="div"
    items="center"
    justify="center"
    m={
      Object {
        "r": 2,
      }
    }
    reverse={false}
    rounded="full"
    w={4}
    wrap={false}
    wrapReverse={false}
  >
    <Box
      bg="blue-400"
      h={2}
      inline={false}
      inlineBlock={true}
      is="div"
      rounded="full"
      w={2}
    />
  </Flex>
  <Box
    font="normal"
    inline={false}
    inlineBlock={true}
    is="div"
    leading="tight"
    visuallyHidden={false}
  >
    Test?
  </Box>
</Touchable>
`;
