// Jest Snapshot v1, https://goo.gl/fbAQLP

exports[`TextInput renders matching snapshot 1`] = `
<Touchable
  appearance="none"
  bg="white"
  border={true}
  disabled={false}
  id="username"
  is="input"
  leading="tight"
  m={
    Object {
      "b": 2,
    }
  }
  name="username"
  options={
    Array [
      Object {
        "label": "single",
        "value": "one",
      },
      Object {
        "label": "double",
        "value": "two",
      },
    ]
  }
  p={
    Object {
      "x": 4,
      "y": 2,
    }
  }
  readOnly={false}
  rounded="rounded"
  text="gray-900"
  type="text"
  w="full"
/>
`;
