// Jest Snapshot v1, https://goo.gl/fbAQLP

exports[`Base renders matching snapshot 1`] = `
<div
  className="focus:shadow-outline"
>
  Hello World
</div>
`;
