// Jest Snapshot v1, https://goo.gl/fbAQLP

exports[`Image renders matching snapshot 1`] = `
<Box
  inline={false}
  inlineBlock={false}
  is="div"
  relative={true}
  w="full"
>
  <Box
    bg="gray-light"
    inline={false}
    inlineBlock={false}
    is="div"
    style={
      Object {
        "paddingBottom": "100%",
      }
    }
  />
  <WithTheme(Base)
    absolute={true}
    inset={0}
    is="img"
    src="/static/assets/tubgirl.gif"
    w="full"
  />
</Box>
`;
