// Jest Snapshot v1, https://goo.gl/fbAQLP

exports[`Touchable renders matching snapshot 1`] = `
<WithTheme(Base)
  cursor="pointer"
  disabled={false}
  focusable={true}
  is="button"
  select="none"
>
  Hello World
</WithTheme(Base)>
`;
