// Jest Snapshot v1, https://goo.gl/fbAQLP

exports[`Subtitle renders matching snapshot 1`] = `
<WithTheme(Title)
  size={3}
  subtitle={true}
>
  Subtitle
</WithTheme(Title)>
`;
