// Jest Snapshot v1, https://goo.gl/fbAQLP

exports[`Header renders matching snapshot 1`] = `
<Box
  bg="blue-400"
  id="header-1"
  inline={false}
  inlineBlock={false}
  is="header"
  p={
    Object {
      "y": 4,
    }
  }
  role="banner"
  text="white"
>
  <WithTheme(Container)
    is={[Function]}
    items="center"
    justify="between"
    padding={true}
    wrap={true}
  >
    <Component
      header={
        Object {
          "collapsable": true,
          "id": "header-1",
          "onToggle": [Function],
          "open": false,
          "screen": "lg",
          "style": Object {
            "bg": "blue-400",
            "text": "white",
          },
        }
      }
      key=".0"
    />
  </WithTheme(Container)>
</Box>
`;
