// Jest Snapshot v1, https://goo.gl/fbAQLP

exports[`NavBrand renders matching snapshot 1`] = `
<Box
  aria-level={1}
  flex={
    Array [
      true,
      "no-shrink",
    ]
  }
  h={12}
  inline={false}
  inlineBlock={true}
  is="div"
  items="center"
  role="heading"
  text="white"
>
  Tailwind React UI
</Box>
`;
