// Jest Snapshot v1, https://goo.gl/fbAQLP

exports[`NavItem renders matching snapshot 1`] = `
<Touchable
  bg-hocus="white"
  block={true}
  disabled={false}
  focusable={true}
  is={[Function]}
  m={
    Object {
      "t": 2,
    }
  }
  p={
    Object {
      "x": 4,
      "y": 2,
    }
  }
  rounded="rounded"
  text="white"
  text-hocus="blue-400"
>
  Link
</Touchable>
`;
