// Jest Snapshot v1, https://goo.gl/fbAQLP

exports[`Button renders matching snapshot 1`] = `
<Touchable
  bg="blue-400"
  bg-hocus="blue-500"
  border={
    Array [
      true,
      "transparent",
    ]
  }
  disabled={false}
  inlineBlock={true}
  is="button"
  leading="tight"
  p={
    Object {
      "x": 4,
      "y": 2,
    }
  }
  rounded="rounded"
  text="white"
  type="button"
>
  Submit
</Touchable>
`;
