// Jest Snapshot v1, https://goo.gl/fbAQLP

exports[`List renders matching snapshot 1`] = `
<Box
  flex={
    Array [
      true,
      "wrap",
      undefined,
    ]
  }
  inline={false}
  inlineBlock={false}
  is="ul"
  m={
    Object {
      "b": 4,
    }
  }
>
  <Box
    inline={false}
    inlineBlock={false}
    is="li"
    key=".0"
    m={
      Object {
        "b": false,
        "r": 2,
      }
    }
  >
    <span>
      One
    </span>
  </Box>
  <Box
    inline={false}
    inlineBlock={false}
    is="li"
    key=".1"
    m={
      Object {
        "b": false,
        "r": 2,
      }
    }
  >
    <span>
      Two
    </span>
  </Box>
  <Box
    inline={false}
    inlineBlock={false}
    is="li"
    key=".2"
    m={
      Object {
        "b": false,
        "r": 2,
      }
    }
  >
    <span>
      Three
    </span>
  </Box>
</Box>
`;
