// Jest Snapshot v1, https://goo.gl/fbAQLP

exports[`SiteWrap renders matching snapshot 1`] = `
<Flex
  col={true}
  font="sans"
  inline={false}
  inlineFlex={false}
  is="div"
  leading="normal"
  minH="screen"
  reverse={false}
  text={
    Array [
      "base",
      "gray-900",
    ]
  }
  wrap={false}
  wrapReverse={false}
>
  <Box
    flex={
      Array [
        "auto",
        "no-shrink",
      ]
    }
    inline={false}
    inlineBlock={false}
    is="div"
  >
    <WithTheme(Header)
      key=".0"
    >
      Header
    </WithTheme(Header)>
    <p
      key=".1"
    >
      Body
    </p>
  </Box>
  <Box
    flex={
      Array [
        "auto",
        "no-shrink",
        "no-grow",
      ]
    }
    inline={false}
    inlineBlock={false}
    is="div"
    m={
      Object {
        "t": 8,
      }
    }
  >
    <WithTheme(Footer)>
      Footer
    </WithTheme(Footer)>
  </Box>
</Flex>
`;
