// Jest Snapshot v1, https://goo.gl/fbAQLP

exports[`Col renders matching snapshot 1`] = `
<Box
  inline={false}
  inlineBlock={false}
  is="li"
  size={
    Object {
      "def": "full",
      "md": "1/4",
      "sm": "1/2",
    }
  }
  w="full"
>
  Content
</Box>
`;
