// Jest Snapshot v1, https://goo.gl/fbAQLP

exports[`Row renders matching snapshot 1`] = `
<Flex
  col={false}
  inline={false}
  inlineFlex={false}
  is="ul"
  listReset={true}
  nm={
    Object {
      "b": 4,
      "l": 4,
    }
  }
  reverse={false}
  wrap={true}
  wrapReverse={false}
/>
`;
