// Jest Snapshot v1, https://goo.gl/fbAQLP

exports[`Main renders matching snapshot 1`] = `
<Box
  id="main"
  inline={false}
  inlineBlock={false}
  is="main"
  role="main"
>
  Lorem ipsum
</Box>
`;
