// Jest Snapshot v1, https://goo.gl/fbAQLP

exports[`ContentBlock renders matching snapshot 1`] = `
<Box
  aria-labelledby="content-1"
  inline={false}
  inlineBlock={false}
  is="section"
  p={4}
>
  <Component
    key=".0"
    m={
      Object {
        "b": 0,
      }
    }
  />
</Box>
`;
