// Jest Snapshot v1, https://goo.gl/fbAQLP

exports[`Section renders matching snapshot 1`] = `
<WithTheme(ContentBlock)
  is="section"
>
  Lorem ipsum...
</WithTheme(ContentBlock)>
`;
