// Jest Snapshot v1, https://goo.gl/fbAQLP

exports[`Card renders matching snapshot 1`] = `
<Box
  bg="white"
  inline={false}
  inlineBlock={false}
  is="section"
  overflow="hidden"
  rounded="rounded"
>
  Hello World!
</Box>
`;
