// Jest Snapshot v1, https://goo.gl/fbAQLP

exports[`CardFooter renders matching snapshot 1`] = `
<Flex
  col={false}
  inline={false}
  inlineFlex={false}
  is="div"
  items="end"
  reverse={true}
  wrap={false}
  wrapReverse={false}
>
  <Component
    key=".0"
    rounded="none"
  />
</Flex>
`;
