// Jest Snapshot v1, https://goo.gl/fbAQLP

exports[`CardBody renders matching snapshot 1`] = `
<Box
  inline={false}
  inlineBlock={false}
  is="div"
  p={4}
>
  Hello World!
</Box>
`;
