// Jest Snapshot v1, https://goo.gl/fbAQLP

exports[`Footer renders matching snapshot 1`] = `
<Box
  bg="gray-500"
  inline={false}
  inlineBlock={false}
  is="footer"
  p={
    Object {
      "b": 12,
      "t": 8,
    }
  }
  role="contentinfo"
  text="white"
>
  <WithTheme(Container)
    padding={true}
  >
    Â© E Corp
  </WithTheme(Container)>
</Box>
`;
